2026-08-01 11:05:07.311  INFO 93168 --- [restartedMain] j.c.j.jlibrary.JlibraryApplication       : Starting JlibraryApplication using Java 21.0.10 on kusamanatsuhananoMacBook-Pro-3.local with PID 93168 (/Users/kusamanatsuka/Desktop/workspace/books-management-learning-n-kusama/jlibrary/bin/main started by kusamanatsuka in /Users/kusamanatsuka/Desktop/workspace/books-management-learning-n-kusama/jlibrary)
2026-08-01 11:05:07.314  INFO 93168 --- [restartedMain] j.c.j.jlibrary.JlibraryApplication       : No active profile set, falling back to 1 default profile: "default"
2026-08-01 11:05:07.336  INFO 93168 --- [restartedMain] .e.DevToolsPropertyDefaultsPostProcessor : Devtools property defaults active! Set 'spring.devtools.add-properties' to 'false' to disable
2026-08-01 11:05:07.905  INFO 93168 --- [restartedMain] trationDelegate$BeanPostProcessorChecker : Bean 'org.springframework.ws.config.annotation.DelegatingWsConfiguration' of type [org.springframework.ws.config.annotation.DelegatingWsConfiguration$$EnhancerBySpringCGLIB$$1190eb4d] is not eligible for getting processed by all BeanPostProcessors (for example: not eligible for auto-proxying)
2026-08-01 11:05:07.931  INFO 93168 --- [restartedMain] .w.s.a.s.AnnotationActionEndpointMapping : Supporting [WS-Addressing August 2004, WS-Addressing 1.0]
2026-08-01 11:05:08.155  INFO 93168 --- [restartedMain] o.s.b.w.embedded.tomcat.TomcatWebServer  : Tomcat initialized with port(s): 8080 (http)
2026-08-01 11:05:08.159  INFO 93168 --- [restartedMain] o.apache.catalina.core.StandardService   : Starting service [Tomcat]
2026-08-01 11:05:08.160  INFO 93168 --- [restartedMain] org.apache.catalina.core.StandardEngine  : Starting Servlet engine: [Apache Tomcat/9.0.79]
2026-08-01 11:05:08.193  INFO 93168 --- [restartedMain] o.a.c.c.C.[Tomcat].[localhost].[/]       : Initializing Spring embedded WebApplicationContext
2026-08-01 11:05:08.194  INFO 93168 --- [restartedMain] w.s.c.ServletWebServerApplicationContext : Root WebApplicationContext: initialization completed in 858 ms
2026-08-01 11:05:08.864  INFO 93168 --- [restartedMain] o.s.s.web.DefaultSecurityFilterChain     : Will secure any request with [org.springframework.security.web.session.DisableEncodeUrlFilter@65ab7bc1, org.springframework.security.web.context.request.async.WebAsyncManagerIntegrationFilter@411816de, org.springframework.security.web.context.SecurityContextPersistenceFilter@770ce863, org.springframework.security.web.header.HeaderWriterFilter@ea0826a, org.springframework.security.web.csrf.CsrfFilter@5375f660, org.springframework.security.web.authentication.logout.LogoutFilter@40226e26, org.springframework.security.web.authentication.UsernamePasswordAuthenticationFilter@74047da4, org.springframework.security.web.savedrequest.RequestCacheAwareFilter@ca8910d, org.springframework.security.web.servletapi.SecurityContextHolderAwareRequestFilter@7a4e2562, org.springframework.security.web.authentication.AnonymousAuthenticationFilter@56c389da, org.springframework.security.web.session.SessionManagementFilter@6c243bb0, org.springframework.security.web.access.ExceptionTranslationFilter@31397f6f, org.springframework.security.web.access.intercept.FilterSecurityInterceptor@22f1e8d]
2026-08-01 11:05:08.872  INFO 93168 --- [restartedMain] j.c.j.j.d.allcommon.DBFluteInitializer   : ...Initializing DBFlute components
2026-08-01 11:05:08.873  INFO 93168 --- [restartedMain] j.c.j.j.dbflute.allcommon.DBFluteConfig  : ...Unlocking the configuration of DBFlute
2026-08-01 11:05:08.874  INFO 93168 --- [restartedMain] j.c.j.j.dbflute.allcommon.DBFluteConfig  : ...Setting dataSourceHandler: jp.co.jwebgate.jlibrary.dbflute.allcommon.DBFluteConfig$SpringTransactionalDataSourceHandler@d34eb35
2026-08-01 11:05:08.874  INFO 93168 --- [restartedMain] j.c.j.j.dbflute.allcommon.DBFluteConfig  : ...Locking the configuration of DBFlute
2026-08-01 11:05:09.102  INFO 93168 --- [restartedMain] o.s.b.d.a.OptionalLiveReloadServer       : LiveReload server is running on port 35729
2026-08-01 11:05:09.128  INFO 93168 --- [restartedMain] o.s.b.w.embedded.tomcat.TomcatWebServer  : Tomcat started on port(s): 8080 (http) with context path ''
2026-08-01 11:05:09.134  INFO 93168 --- [restartedMain] j.c.j.jlibrary.JlibraryApplication       : Started JlibraryApplication in 1.981 seconds (JVM running for 2.756)
2026-08-01 11:05:23.905  INFO 93168 --- [http-nio-8080-exec-1] o.a.c.c.C.[Tomcat].[localhost].[/]       : Initializing Spring DispatcherServlet 'dispatcherServlet'
2026-08-01 11:05:23.905  INFO 93168 --- [http-nio-8080-exec-1] o.s.web.servlet.DispatcherServlet        : Initializing Servlet 'dispatcherServlet'
2026-08-01 11:05:23.906  INFO 93168 --- [http-nio-8080-exec-1] o.s.web.servlet.DispatcherServlet        : Completed initialization in 1 ms
2026-08-01 11:05:23.923  INFO 93168 --- [http-nio-8080-exec-1] j.c.j.j.i.LoggingHandlerInterceptor      : [0:0:0:0:0:0:0:1] GET  /
2026-08-01 11:05:23.944  INFO 93168 --- [http-nio-8080-exec-2] j.c.j.j.i.LoggingHandlerInterceptor      : [0:0:0:0:0:0:0:1] GET  /searchBook
2026-08-01 11:05:24.113  INFO 93168 --- [http-nio-8080-exec-6] j.c.j.j.i.LoggingHandlerInterceptor      : [0:0:0:0:0:0:0:1] GET  /bootstrap-5.3.0-dist/js/bootstrap.min.js
2026-08-01 11:05:24.113  INFO 93168 --- [http-nio-8080-exec-3] j.c.j.j.i.LoggingHandlerInterceptor      : [0:0:0:0:0:0:0:1] GET  /css/style.css
2026-08-01 11:05:24.113  INFO 93168 --- [http-nio-8080-exec-4] j.c.j.j.i.LoggingHandlerInterceptor      : [0:0:0:0:0:0:0:1] GET  /bootstrap-5.3.0-dist/css/bootstrap.min.css
2026-08-01 11:05:24.113  INFO 93168 --- [http-nio-8080-exec-5] j.c.j.j.i.LoggingHandlerInterceptor      : [0:0:0:0:0:0:0:1] GET  /jquery-3.7.1/jquery-3.7.1.min.js
2026-08-01 11:05:24.166  INFO 93168 --- [http-nio-8080-exec-8] j.c.j.j.i.LoggingHandlerInterceptor      : [0:0:0:0:0:0:0:1] GET  /login
2026-08-01 11:05:27.219  INFO 93168 --- [http-nio-8080-exec-9] j.c.j.j.i.LoggingHandlerInterceptor      : [0:0:0:0:0:0:0:1] POST /searchBook/search
2026-08-01 11:05:27.300 DEBUG 93168 --- [http-nio-8080-exec-9] org.dbflute.system.XLog                  : ...Initializing sqlExecution for the key 'BOOK:selectList(BookCB):Book'
2026-08-01 11:05:27.317 DEBUG 93168 --- [http-nio-8080-exec-9] org.dbflute.system.XLog                  : SqlExecution Initialization Cost: [00m00s018ms]
2026-08-01 11:05:27.318 DEBUG 93168 --- [http-nio-8080-exec-9] org.dbflute.system.XLog                  : /=========================================================================
2026-08-01 11:05:27.318 DEBUG 93168 --- [http-nio-8080-exec-9] org.dbflute.system.XLog                  :                                                       BookBhv.selectList()
2026-08-01 11:05:27.318 DEBUG 93168 --- [http-nio-8080-exec-9] org.dbflute.system.XLog                  :                                                       ===================/
2026-08-01 11:05:27.318 DEBUG 93168 --- [http-nio-8080-exec-9] org.dbflute.system.XLog                  : SearchBookService.searchBook():30 -> ...
2026-08-01 11:05:27.333  INFO 93168 --- [http-nio-8080-exec-9] com.zaxxer.hikari.HikariDataSource       : HikariPool-1 - Starting...
2026-08-01 11:05:27.475  INFO 93168 --- [http-nio-8080-exec-9] com.zaxxer.hikari.HikariDataSource       : HikariPool-1 - Start completed.
2026-08-01 11:05:27.477 DEBUG 93168 --- [http-nio-8080-exec-9] org.dbflute.system.QLog                  : 
select dfloc.ID as ID, dfloc.TITLE as TITLE, dfloc.AUTHOR as AUTHOR, dfloc.ISBN_10 as ISBN_10, dfloc.ISBN_13 as ISBN_13, dfloc.PUBLISHER as PUBLISHER, dfloc.GENRE_ID as GENRE_ID, dfloc.SHELF_NUMBER as SHELF_NUMBER, dfloc.CONTROL_NUMBER as CONTROL_NUMBER, dfloc.REMARKS as REMARKS, dfloc.DELETE_FLG as DELETE_FLG, dfloc.VERSION as VERSION, dfloc.CREATED as CREATED, dfloc.MODIFIED as MODIFIED, dfloc.MODIFIED_BY as MODIFIED_BY
     , dfrel_0.ID as ID_0, dfrel_0.GENRE_NAME as GENRE_NAME_0, dfrel_0.GENRE_CODE as GENRE_CODE_0, dfrel_0.REMARKS as REMARKS_0, dfrel_0.DELETE_FLG as DELETE_FLG_0, dfrel_0.VERSION as VERSION_0, dfrel_0.CREATED as CREATED_0, dfrel_0.MODIFIED as MODIFIED_0, dfrel_0.MODIFIED_BY as MODIFIED_BY_0
  from BOOK dfloc
    left outer join GENRE dfrel_0 on dfloc.GENRE_ID = dfrel_0.ID
2026-08-01 11:05:27.501 DEBUG 93168 --- [http-nio-8080-exec-9] org.dbflute.system.XLog                  : ===========/ [00m00s181ms (3) first={1, ノルウェイの森, 村上春樹, 4062748681, 9784062748681, 講談社, 1, A01, BK0000001, 人気作品, 0, 0, 2026-07-04T14:41:58, 2026-07-04T14:41:58, admin}(genre)@5d9148df]
2026-08-01 11:05:27.501 DEBUG 93168 --- [http-nio-8080-exec-9] org.dbflute.system.XLog                  :  
2026-08-01 11:05:27.521  INFO 93168 --- [http-nio-8080-exec-2] j.c.j.j.i.LoggingHandlerInterceptor      : [0:0:0:0:0:0:0:1] GET  /jquery-3.7.1/jquery-3.7.1.min.js
2026-08-01 11:05:27.521  INFO 93168 --- [http-nio-8080-exec-3] j.c.j.j.i.LoggingHandlerInterceptor      : [0:0:0:0:0:0:0:1] GET  /bootstrap-5.3.0-dist/js/bootstrap.min.js
2026-08-01 11:05:27.521  INFO 93168 --- [http-nio-8080-exec-10] j.c.j.j.i.LoggingHandlerInterceptor      : [0:0:0:0:0:0:0:1] GET  /css/style.css
2026-08-01 11:05:27.521  INFO 93168 --- [http-nio-8080-exec-1] j.c.j.j.i.LoggingHandlerInterceptor      : [0:0:0:0:0:0:0:1] GET  /bootstrap-5.3.0-dist/css/bootstrap.min.css
2026-08-01 11:05:27.540  INFO 93168 --- [http-nio-8080-exec-5] j.c.j.j.i.LoggingHandlerInterceptor      : [0:0:0:0:0:0:0:1] GET  /login
2026-08-01 11:11:57.492  WARN 93168 --- [HikariPool-1 housekeeper] com.zaxxer.hikari.pool.HikariPool        : HikariPool-1 - Retrograde clock change detected (housekeeper delta=29s866ms), soft-evicting connections from pool.
